exports[`test can make request to /q anyway 1`] = `
<div>
  ROLE_ANONYMOUS
</div>
`;
